dd




































































































































































































































































































































































































*	
















































))*)	)*))	


























)))))*	










































))*))*)))))))))**




















*)))**))))))	














4













)***))*)))))*))))))))*)))*	














*))))))*)*)))))*))*)	







)222))*))	










*))*))))))*)))))))*))))))))	














))***)*)))*))*)*)))	






)))2))))))*)	





*)))*))))*))))***)*)))*)*))))*












))*)))*)))*)))*)))))))	




*)22)*)*))))	




))*)*))))*))))))))))))))*)*)*0












))**)**))))))*)*))))*)))






2)*2)))**))*


)))*)))))))))*))))**))))*)*00000









***)*)))*)*)))*))*))*))






22)))*))*)*	


)*)))))*))))***))*))))))**)0000












))**))))))))*)))**))*)	







2)*)*	)))
)*)))))))))))))*))))))*))**000













*)))))))))*))))))))))*)*)









))*
)*))	


*)*))))))*)))*)))))**)))**)0















)))*)*)))*)))))))))*)))))*)	






))*)"!))*

)))))))*))))))))*)**)))))	














***))*)))*))))))))**)))*)*)*	







)*)$ !))*	
**)))))))))))))))*)))*))))*
















)))))*))*)))**)*))))*))*))	







)*$ !))))))))))))))**)))*)))))))))****


















)))))*)))))**))))*))))))))







*$ *)))*)*))*))))))*))))*)))*)***)))0000
















))*)))**))))*)))*)))))**)*)	





* !)))*))***)))*)))))*)))*)**)))*)00000















*)*))))))))***)))))))*)))*)))))




*)$ ))))))*))))*)*))))))**))))*)*)*00000













*)))))*)*)))*))))*)))))**)))))))**	

** )))***)))))))))))*))))))))))*))0000









))))*	)))))*)))))))***))**)*))*)))


) !)*))))))))))))))))))))**)))*000









)))*	
*)*)*)))))))))*))))))))))))*)	


$ !)))*)))))))))))))))))))*)*))0000








*))
**))))))))*)))))))*)))*)*))))))*	

$ )))*)))**))*))*)))))))))))*))0000





))*))*	))))*)))*))))**)))))))))*))*))))*))))) )*)*))***))))))*))****))*)*))0000





))*))**
)"6!)))))))*)))))))))))))))*)**))))))))) *)))*)))))*)))*)))))))))))))0000





))*)*))	)$% !))**)*))))*)))*))**))))))))))*))))* ***)))))))*))*))*))))))*))*))0000






)))****
))$ ))))**)))))*))))**)))*)))*)))**)*))" ))*))))*))*)))*)*))*)))))))))))000






*))
))* )))*)))))*))))*)))*))*)))**))))*** #))))*))))))*)))))))))))*))))))))000










))**)	** !))*)))*))*)))*)))))*))))))))))**" )))))**)))*)*)**))*))*)**)))))**)00










*))))
)$ *)**)*))))*))))))))))))**))))*)** #))))))))))))*))))))))*))*)))))***000










*)))*	
* ))))))))*))))))*)))*)*)*)))***))" )***))**)*))))))))))))*)))))))*))000









*)))	) )**))))**))))*))))))*)**)*)*)*)* #)))*)*)***)))*))))*))))))))))*))*000









))))
) !)**))))*))))*))))))))))))))))" ))**)))*))))*)))*)*)*)))))))))))))*000






))
))))	
)*$ *)*)**))))*)**)*)))*)*))**))))*" #)))))))))))))*))*))))*)))))*))***)))000






*)
)))))))*) !)*)*)))))*)*))*))))))))**))))" #*)*)**)))*))))))))*)*))*)*))****)))))000




)))
)	)))***$ ))***)))))))*))))*))))))**)*" #)*)))*))))**))*))))**)**)))))))))***))00




)*)))*)	

)*))) !)))*))))))**)**)*)*))))**)" #*)))*)))**)*)))*))))))*)*)))*)**))***)00





)*)))	




)))*$ )))*))*))*)))*)**)))))))"  #*)**))*)))))))))***)*))))*)))))))**))))000





)**)	


))*)))) !))))*))**))*)))*))))*"  #))))))*)))**)))))***))*))))*))*))*))**))0000






))	



)*)*))))$ )))**)*)))))))))**)"  #)))*))))))))))))))*)))))))))*)))00000






	





)*)))))) !))))*)*))))))))"   #)*))**))))*)*)))*))))*)*)*)))**0000














)))))))$ ))))))))*))*"   #)))**)))))*)))**)*))*)))***))22222)0000















)*)))))*  &))))))"   #)))*)))*)*)))***))))*)**))*))))*2222222220000















*))))))*)$          #)))*)*****)*))))*)))*)*)*)))))))*))222222222222200000














)*))))))))*  #)*))**)))))))))**))))))))**)))))))*))))*)))222222000000












)*)))))*)*))$ )))))))))))))*))*))*)))*))))*)))*)))))))))))2234322000000











))))))))*)*)* !)**))))*))))))**))**)*)*))**)**))))*)))))*)*222)2222000000






)))
)***))**))))$ ))))))))))))))))*)*)))))*))**))*))))))*)))))2223)322200000





)))*)

)*))*))**))) !)*))))))*)))**))*)*)))))))**))*)*)*))))))*)22*222000000




)*))))))))))*)))))*)))*$ ))**)))*)*))))*))**)))))****))*))*))))))))))2)2*)00000





))*))*))*)))))*))))))) !**))))))))))))*))))))))))**)))*))*)*))*))))))))000




**))))*)))))))))))))*))$ ))))))*))))))*)))))))))))))))))*)))))****)))*)*)*)000




))))))))))**)))*)))))))*) !)))*))**)))))))**)))*))))))))))*))))))))))))*)"&)))*))))*)0000



)))*))*))))*))*))*)))))*))$ ))*))))*)*))*)))*))))))))**)))))**))*))***)))" #)))))))*)0000




))**)))))****))))))))))) !*))*))))))**)))*))*)*)*))))*))*)*)))))))))*" #))))*))))00000






)))*)*)))**)))))*)*))$ )))))))*)))))))))))*)))))**)*)))*)**)))*))" #)))))))*))0000000








)))))))))***))**))*) ))))))))**)****)))*))*)**)))*)*)))))**)))" #)***)**)*)0000000












)))))*)))))))))*)) ))*)*)*)*))))*))*))))))))))))*)))*))))))" #))*))*)*))*00000000











)))**)))*)**)))))**) *))))))))*)))*)*)))))*)))*))*)*))))))))" #))))*))))**00000000








*))*)*))*****))*)))*) ))))*))*)*)))))))))))))*)*)))*))))*))"  #)**))*)))))0000000000









*)))))*))))*)))))))**) )*)))))))))))*)))***))))))**)))*)))"  #)))*)))**))**0000000000








*)))*)**)*)*)***)*** ))))))))))**)*)))))))))*)))*)))))"  #*)))***))))*))*00000000






*)))))***))*)))))*)))*))) ))*)*)))))))))))))))))))))**)))"  #)))))*))*)))))))*))00000






)))))))))))*))))))*)))) *)))**)))*))**)))))))))*)*)))"  #*)))))))))**)))))*)*)))0000



)))*))*)*)*)))))))))))))))* *))))))))*))))*))))*))))*)*"  #))))))*)*)))*)))))*))))))0000



**))*))))*)))))))*)))))))))) ))))*)*))))))))*)**)))))*"  #*)))))*)))))****)))))*))))00000



)*)))))))))*)))))*)*)))**) )*))))*)*))*)))))*)))))"  #))*))*))))*))**)))*)))))*))*000000






)))**)*)))))))*))*)*))) *)	)**)))*)))*)))**"  #))*))))))*))))))*))))*))*))))0000000







))))*)))*)))))))	 	
)*))**)))))*)"  #)*))))))))))))*)))*)))*)*)))*))00000000










*))))))))))	
" *	
)*)*)*))))"  #)*))))))))**)))))))))))***))*))))00000000












*)***)	
**'()

****)*)*)"  #))***))*)))))**)))))**)))*)*)*)))))00000000
















)**))	



)'(	

)))))))"  #)**))*))**))))))*)*)))*))))*))*)*)))00000000













)))*)	




 (*)	
)))))"  #))*))))))))*)))))))*))*)**))))***))**))00000000








)*))))))))*)*+	

*" ++))	
))*"  #))**)))*)))*))))*))))*))))**))**)*))*))*)000000







*))22))*))))+	
)$#))+))	"  #*))***))*)**)*)**)))))))))*)))))*))*))))*)000000













)2)+))*)+)*+++++++))+*"  #))))*)))))))*))))**)))*))))))))))))))*))))*00*000










*))))))2))*+)*)+++,,+++++))$#))*)**)*)))**)))))*)*)))))))**)))))))))*)))*)00)*0000




))*)))*))*)+++)))))++++,--,+++++*)))**))))))))))))*)))))*)))))))))))))))))*))**)000)0000





)*)*)*22*)))+)+++++,..-,,++++*+)*)))*)**))))*)*)*))*)))*)))*))))))*)))))))))00*00000






))2))*)))+++++,,-.//.-,,++++))+)))))))))*)))))**))))))))*)*))**)))*)))*))00*00000







*)))**))*+++++++,,-./5/.-,+++++++))))*))*)))))))))))*))*))**))**)*)*)))))*000*00000





*)))*)))))*)*)++++++,-./.-,++++++)))+)))**))))**)*)*))*))*)*)***))*))))))*)))000*00000



0)))))*22)+))*)))++++,-.-,++++++)*+)*)))*))))*)))*)))*)))))))*))))))))))))))**00000



**)))))2))**+))*)++++,-,++++++))**)*)))*)))))**)))))))))*)*))))))*))))))*))**)*)00000






))*))))2))))*)+*))+++++++)*))+)*)+))*))*)*)))**)))))))*)*)))))))))*))))***)))*)00000




**))2)))))))*22*))))*)+*)))++)*)+))****))*))))))*))))))*))))*)))))**))))))))*))00000

0*))*))2))*))*)*)2))++)*))+++*)*))))))*0))*))*))*)))))))))**))*))))))))*)0000000
00*)*))2)))))002)))))****)*))*))*000000000000000*)))**)*)))))*))))***))*00000000
00)))))**22)))000))**0000)))0000000000000)))))))))))))))**)))000000000
00**)))))))000000*0000000000000000000000000)*)000000000000*))))))0000000000000000)))*)))))))))0000000000000000000000000000000000000000000*)00000000000000000000000))))))00000000000000000000000000000000000000000000000*)000000000000000000000000))000000000000000000000000000000000000000000*)))000000000000000000000000000000000000000000000000000000000000000000
00000000000000000000000000000