220000000000













0000000	
















0000000	

















000000	





















0000000	



		
*	






00000	




**	))****





0000)	





))*)***))))**))**)	



000*	





)***)*)))*)))))***))	




000)))*


))))))*)****)))*)***)	




0000*)*)*)

))))***)*))*****)*****)	




00000)**)***))))))***)222222)*)**)**	



00000*))*)))
)))*))))2222222222*))*)*	



0000*)*)*))*)	**)))222222**222222)))	


0000****))))*
)**)*)2222)6)*2222*))	




000**))))***
*)))*2)22)*)*2222)*	




0000)))****)*)))))**22*222222)2)*)*	





0000)**)***))*))*****)22222)222*)))*	



000)*)**))*)**)*)*)))*2*2222)***)**	




0000******)*))*****)***)))2*)*)))*))	



0000)*)****)))**)))*)***)2)******))	




0000)*)*)*))***)*)*)**)22*))**))*	



00000))))**)*))*))*)*)2*)))**)*)	




000000000))))))***)))*)22*****)))	




000000000000))**)))*))*22)****)**))	



00000000000000)**)*))*))22))*))*))***)	



00000000011111110*)**)*)))2)**))*)**))*)	



0000000000011+++++100)**))*))2)*))))*)*)))**	


000000000111+,--,+1110****)*)22)*)*)))*)))))*	



0000000001++,-..-,++10)))***2)*)**))))****)	




0000000001+,-.//.-,+110)*)**2222))***))*)**)	



000000001+,-/5/.-,++10*)*2222*2**)))*))))*	




00000001+,-./..-,+110))22*)*)22*))))*))**	




000001+++-..-+++10*22))*)))2))*)**))))*	





000111++++++2222222)))***)2*))**))))*)	







00001122222200)**))*))))2*))***)****	







)000000000000)*)**)*)*))*22)*)*)**)*	









)00000000)*)*****))**))*2****))***	








)*))**)))))))***))*))*)*2*)**))))	








)*))**))*)*)))****)*)*)))*2*)***))	









***)**))))))*)*)))**))))))222)))***	









)*****)))**)*)*)*)))))***)22*2*)*))*)	









))))**))*)**)*)*)*))*)))22)*22)**)*)	








)**))**)****)*****))*)))2****22***	











)***)**)**)))***)*****2)*))*)22	














)***)*****))**))*2*)




















))**	




















































































































































































